// Jest Snapshot v1, https://goo.gl/fbAQLP

exports[`Modal render properly 1`] = `
Array [
  <div
    className="modal"
    onWheel={[Function]}
    role="dialog"
    style={
        Object {
            "display": null,
          }
    }
    tabIndex="-1"
>
    <div
        className="modal__dialog"
        role="document"
    >
        <div
            className="modal__content"
        >
            <div
                className="modal__body"
            >
                <h1>
                    Modal content go here
                </h1>
            </div>
            <button
                aria-label="Close"
                className="modal__btn-close"
                data-dismiss="modal"
                onClick={[Function]}
                type="button"
            >
                <i
                    className="fa fa-times fa-lg"
                />
            </button>
        </div>
    </div>
</div>,
  <div
    className="modal-backdrop"
    onClick={[Function]}
    onWheel={[Function]}
/>,
]
`;
